// Jest Snapshot v1, https://goo.gl/fbAQLP

exports[`Navbar renders correctly 1`] = `
<nav
  className="navbar fixed-top navbar-expand-md navbar-light bg-danger"
>
  <a
    className="navbar-brand text-light"
    href="/dashboard"
    onClick={[Function]}
  >
    React Todo App
  </a>
  <button
    aria-controls="navbarNav"
    aria-expanded="false"
    aria-label="Toggle navigation"
    className="navbar-toggler"
    data-target="#navbarNav"
    data-toggle="collapse"
    type="button"
  >
    <span
      className="navbar-toggler-icon"
    />
  </button>
</nav>
`;
